<html>
<body>
<pre>
<h1>µVision Build Log</h1>
<h2>Tool Versions:</h2>
IDE-Version: µVision V5.32.0.0
Copyright (C) 2020 ARM Ltd and ARM Germany GmbH. All rights reserved.
License Information: Aaditya Sharma, carleton, LIC=----
 
Tool Versions:
Toolchain:       MDK-Lite  Version: 5.32.0.0
Toolchain Path:  C:\Keil_v5\ARM\ARMCC\Bin
C Compiler:      Armcc.exe V5.06 update 7 (build 960)
Assembler:       Armasm.exe V5.06 update 7 (build 960)
Linker/Locator:  ArmLink.exe V5.06 update 7 (build 960)
Library Manager: ArmAr.exe V5.06 update 7 (build 960)
Hex Converter:   FromElf.exe V5.06 update 7 (build 960)
CPU DLL:         SARMCM3.DLL V5.32.0.0
Dialog DLL:      DCM.DLL V1.17.3.0
Target DLL:      CMSIS_AGDI.dll V1.32.12.0
Dialog DLL:      TCM.DLL V1.46.0.0
 
<h2>Project:</h2>
C:\Keil_v5\SYSC3310\FinalProject.uvprojx
Project File Date:  12/11/2020

<h2>Output:</h2>
*** Using Compiler 'V5.06 update 7 (build 960)', folder: 'C:\Keil_v5\ARM\ARMCC\Bin'
Build target 'Target 1'
compiling main.c...
main.c(6): warning:  #1295-D: Deprecated declaration Port1_IRQ_Handler - give arg types
  void Port1_IRQ_Handler();
main.c(7): warning:  #1295-D: Deprecated declaration Update_State - give arg types
  uint8_t Update_State();
main.c(8): warning:  #1295-D: Deprecated declaration Port_configure - give arg types
  static void Port_configure();
main.c(9): warning:  #1295-D: Deprecated declaration uart_configure - give arg types
  static void uart_configure();
main.c(56): warning:  #186-D: pointless comparison of unsigned integer with zero
  		if(counter > 4 || counter < 0)
main.c(69): warning:  #186-D: pointless comparison of unsigned integer with zero
  		if(counter > 4 || counter < 0)
main.c(144): warning:  #177-D: variable "c"  was declared but never referenced
  	char c;
main.c: 7 warnings, 0 errors
linking...
Program Size: Code=1404 RO-data=356 RW-data=8 ZI-data=608  
".\Objects\FinalProject.axf" - 0 Error(s), 7 Warning(s).

<h2>Software Packages used:</h2>

Package Vendor: ARM
                http://www.keil.com/pack/ARM.CMSIS.5.7.0.pack
                ARM.CMSIS.5.7.0
                CMSIS (Cortex Microcontroller Software Interface Standard)
   * Component: CORE Version: 5.4.0

Package Vendor: TexasInstruments
                http://software-dl.ti.com/msp430/msp430_public_sw/mcu/msp430/msp432cmsis/latest/exports/TexasInstruments.MSP432P4xx_DFP.3.2.6.pack
                TexasInstruments.MSP432P4xx_DFP.3.2.6
                Device Family Pack for Texas Instruments SimpleLink(TM) MSP432 Series
   * Component: Startup Version: 3.2.2

<h2>Collection of Component include folders:</h2>
  .\RTE\_Target_1
  C:\Users\anyho\AppData\Local\Arm\Packs\ARM\CMSIS\5.7.0\CMSIS\Core\Include
  C:\Users\anyho\AppData\Local\Arm\Packs\TexasInstruments\MSP432P4xx_DFP\3.2.6\Device\Include

<h2>Collection of Component Files used:</h2>

   * Component: ARM::CMSIS:CORE:5.4.0

   * Component: TexasInstruments::Device:Startup:3.2.2
      Source file:   Device\Source\startup_msp432p401r_uvision.s
      Source file:   Device\Source\system_msp432p401r.c
      Source file:   Examples\EmptyMain\main.c
      Source file:   Examples\BlinkLED\blinkLED.c
      Include file:  Device\Include\msp_compatibility.h
Build Time Elapsed:  00:00:01
</pre>
</body>
</html>
